// Jest Snapshot v1, https://goo.gl/fbAQLP

exports[`About renders correctly 1`] = `
<div
  className="wrapper-container"
>
  <div
    className="about-container"
  >
    <h1>
      <span
        id="about-us-header"
      >
        ABOUT US
      </span>
    </h1>
    <p>
      For entry level developers, people interested in starting a new career in tech, and anyone wanting to encourage and help newer developers. Join us to hear relevant speakers, have a slice of pizza, and make new connections! We look forward to meeting you. If you’d like to be a part of our slack channel, you can be a part of the conversation here: http://bit.ly/JrDevSlackInvite
    </p>
    <p>
      PDX Jr. Devs is a community of developers comprised of people that are getting their start in tech
    </p>
    <p>
      Morbi facilisis sapien eget purus hendrerit condimentum. Fusce ultricies quis lectus ut tempus. Praesent condimentum, elit ac ullamcorper finibus, urna turpis pharetra ante, non tincidunt nulla diam sed magna. Orci varius natoque penatibus et magnis dis parturient montes, nascetur ridiculus mus. Nam fermentum convallis velit vel ullamcorper. Nunc et augue ante. Nulla eget nulla sollicitudin, fringilla tellus sit amet, porttitor quam. Mauris blandit congue tortor, sed venenatis lacus tincidunt quis. Proin et ipsum tortor. Quisque tempor malesuada ultrices. Sed sem magna, dapibus at nisi ullamcorper, tincidunt aliquam turpis. Suspendisse nisl sapien, convallis id turpis in, accumsan dignissim turpis. Nulla interdum ut justo quis ultrices.
    </p>
  </div>
  <div
    className="blush-background-container"
  >
    <div
      className="solid-background-container"
    />
  </div>
</div>
`;
